<!doctype html>
<!--[if lt IE 7]>      <html class="no-js lt-ie9 lt-ie8 lt-ie7"> <![endif]-->
<!--[if IE 7]>         <html class="no-js lt-ie9 lt-ie8"> <![endif]-->
<!--[if IE 8]>         <html class="no-js lt-ie9"> <![endif]-->
<!--[if gt IE 8]><!--> <html class="no-js"> <!--<![endif]-->
    <head>
        <meta charset="utf-8">
        <meta http-equiv="X-UA-Compatible" content="IE=edge,chrome=1">
        <title></title>
        <meta name="description" content="">
        <meta name="viewport" content="width=device-width">
        <link rel="stylesheet" href="/styles/9b19ac3c.main.css">
        <script src="/scripts/vendor/0e15c528.modernizr.js"></script>
    </head>
    <body ng-app="boots-app">
        <!--[if lt IE 7]>
        <p class="chromeframe">You are using an <strong>outdated</strong> browser. Please <a href="http://browsehappy.com/">upgrade your browser</a> or <a href="http://www.google.com/chromeframe/?redirect=true">activate Google Chrome Frame</a> to improve your experience.</p>
        <![endif]-->

        <div id="templates"><script type="text/ng-template" id="/test/fixtures/templates/template1.html">
<div>
    <h1>Template 1</h1>
</div>
</script>

<script type="text/ng-template" id="/test/fixtures/templates/template2.html">
<div>
    <h1>Template 2</h1>
</div>
</script></div>

        <!--[if lt IE 9]>
        <script src="/components/es5-shim/es5-shim.js"></script>
        <script src="/components/json3/lib/json3.min.js"></script>
        <![endif]-->

        <!-- Add your site or application content here -->
        <div ng-view=""></div>

        <script src="/scripts/385c0075.main.js"></script>

        <script src="/assets/0.1.23/dist/boots.min.js"></script>

        <script src="/scripts/3824d063.templates.js"></script>

        <!-- Google Analytics: change UA-XXXXX-X to be your site's ID. -->
        <script>
            var _gaq=[['_setAccount','UA-XXXXX-X'],['_trackPageview']];
            (function(d,t){var g=d.createElement(t),s=d.getElementsByTagName(t)[0];
                g.src=('https:'==location.protocol?'//ssl':'//www')+'.google-analytics.com/ga.js';
                s.parentNode.insertBefore(g,s)}(document,'script'));
        </script>
    </body>
</html>